6.5361 	INFO 	Loaded monitor calibration from ['2026_01_21 02:15']
6.5580 	WARNING 	User requested fullscreen with size [1024  768], but screen is actually [1920, 1080]. Using actual size
6.8988 	INFO 	Using renderer 'AMD Radeon RX 6950 XT' for graphics
6.8988 	INFO 	OpenGL version supported by driver is 4..
6.9238 	EXP 	Created window1 = Window(allowGUI=False, allowStencil=False, autoLog=True, backendConf=UNKNOWN, backgroundFit=<method-wrapper '__getattribute__' of attributeSetter object at 0x0000025B1BC92B00>, backgroundImage=<method-wrapper '__getattribute__' of attributeSetter object at 0x0000025B1BC92AA0>, bitsMode=UNKNOWN, blendMode='avg', bpc=(8, 8, 8), color=array([0, 0, 0]), colorSpace='rgb', depthBits=8, fullscr=True, gamma=None, gammaErrorPolicy='raise', infoMsg=UNKNOWN, lms=UNKNOWN, monitor=<psychopy.monitors.calibTools.Monitor object at 0x0000025B1BD70A90>, multiSample=False, name='window1', numSamples=2, pos=[np.float64(0.0), np.float64(0.0)], screen=0, size=array([1920, 1080]), stencilBits=0, stereo=False, title='PsychoPy', units='height', useFBO=True, useRetina=False, viewOri=0.0, viewPos=None, viewScale=None, waitBlanking=True, winType='pyglet')
6.9239 	EXP 	window1: backgroundImage = ''
6.9239 	EXP 	window1: backgroundFit = 'none'
7.2346 	EXP 	window1: Attempting to measure frame rate of screen (0) ...
7.2347 	EXP 	window1: recordFrameIntervals = False
7.4131 	EXP 	window1: recordFrameIntervals = True
7.5966 	EXP 	Screen (0) actual frame rate measured at 60.01Hz
7.5966 	EXP 	window1: recordFrameIntervals = False
10.2780 	INFO 	keyboard.Keyboard is using iohub backend.
10.2780 	EXP 	dichotic_pitch_project: status = STARTED
10.4182 	INFO 	Loaded psychtoolbox audio version 3.0.19.696976569
10.7719 	WARNING 	No default speaker specified in Preferences / Hardware, using first speaker found: AES (RME Fireface UFX)
10.7921 	INFO 	Created stream for speaker device: AES (RME Fireface UFX) (91.0)
10.7933 	EXP 	dichotic_pitch: sampleRate = 48000
10.7934 	EXP 	dichotic_pitch: channels = None
10.8010 	EXP 	Sound dichotic_pitch set volume 1.000
10.8059 	EXP 	Created prog = Progress(__class__=<class 'psychopy.visual.progress.Progress'>, anchor=('left', 'center'), autoDraw=False, autoLog=True, closeShape=True, color=method-wrapper(...), colorSpace='rgb', contrast=None, depth=-1, draggable=False, fillColor=array([0, 0, 0]), fillColorSpace='rgb', fillRGB=array([0, 0, 0]), interpolate=True, lineColor=array([1., 1., 1.]), lineColorSpace='rgb', lineRGB=array([1, 1, 1]), lineWidth=4.0, name='prog', opacity=1.0, ori=0.0, pos=array([0., 0.]), size=array([0.5, 0.5]), units='height', vertices=ndarray(...), win=Window(...), windingRule=None)
10.8070 	EXP 	Created progBar = ShapeStim(__class__=<class 'psychopy.visual.shape.ShapeStim'>, anchor=('left', 'center'), autoDraw=False, autoLog=True, closeShape=True, color=method-wrapper(...), colorSpace='rgb', contrast=None, depth=-1, draggable=False, fillColor=array([1, 1, 1]), fillColorSpace='rgb', fillRGB=array([1, 1, 1]), interpolate=True, lineColor=array([0., 0., 0.]), lineColorSpace='rgb', lineRGB=array([0, 0, 0]), lineWidth=1.5, name='progBar', opacity=1.0, ori=0.0, pos=array([0., 0.]), size=array([0.5, 0.5]), units='height', vertices=ndarray(...), win=Window(...), windingRule=None)
0.0015 	EXP 	prog: direction = 'horizontal'
0.0015 	EXP 	prog: progress = 0
0.0021 	EXP 	dichotic_pitch: sampleRate = 44100
0.0044 	INFO 	Resampled audio from 44100Hz to 48000Hz using method 'default'.
4.9891 	EXP 	Sound dichotic_pitch reached end of file
5.0056 	EXP 	Playing sound dichotic_pitch on speaker AES (RME Fireface UFX)
5.0056 	EXP 	prog: autoDraw = True
6.0057 	EXP 	Sound dichotic_pitch reached end of file
6.0224 	EXP 	Sound dichotic_pitch reached end of file
15.0056 	EXP 	prog: autoDraw = False
15.0056 	EXP 	prog: autoDraw = False
15.0057 	EXP 	dichotic_pitch_project: status = STOPPED
15.0070 	INFO 	saved data to 'D:\\[Fork]\\ULETH-NEUR-3999-B\\PsychoPy Projects\\dichotic_pitch_project\\data\\207482_dichotic_pitch_project_2026-02-25_05h26.45.573.csv'
15.0074 	INFO 	saved data to D:\[Fork]\ULETH-NEUR-3999-B\PsychoPy Projects\dichotic_pitch_project\data\207482_dichotic_pitch_project_2026-02-25_05h26.45.573.psydat
