11.1329 	DEBUG 	Fullscreen settings ignored as running in pilot mode.
11.1335 	INFO 	Loaded monitor calibration from ['2026_01_21 02:15']
11.9085 	INFO 	Using renderer 'AMD Radeon RX 6950 XT' for graphics
11.9085 	INFO 	OpenGL version supported by driver is 4..
12.4776 	EXP 	Created window1 = Window(allowGUI=False, allowStencil=False, autoLog=True, backendConf=UNKNOWN, backgroundFit=<method-wrapper '__getattribute__' of attributeSetter object at 0x00000207B1210220>, backgroundImage=<method-wrapper '__getattribute__' of attributeSetter object at 0x00000207B1210280>, bitsMode=UNKNOWN, blendMode='avg', bpc=(8, 8, 8), color=array([0, 0, 0]), colorSpace='rgb', depthBits=8, fullscr=False, gamma=None, gammaErrorPolicy='raise', infoMsg=UNKNOWN, lms=UNKNOWN, monitor=<psychopy.monitors.calibTools.Monitor object at 0x00000207B1167880>, multiSample=False, name='window1', numSamples=2, pos=[np.float64(560.0), np.float64(240.0)], screen=0, size=array([800, 600]), stencilBits=0, stereo=False, title='PsychoPy', units='height', useFBO=True, useRetina=False, viewOri=0.0, viewPos=None, viewScale=None, waitBlanking=True, winType='pyglet')
12.4777 	EXP 	window1: backgroundImage = ''
12.4777 	EXP 	window1: backgroundFit = 'none'
12.4942 	DEBUG 	TextBox2 loaded 1 chars with 0 blanks and 1 valid
12.4955 	DEBUG 	TextBox2 loaded 1 chars with 0 blanks and 1 valid
12.4969 	DEBUG 	TextBox2 loaded 1 chars with 0 blanks and 1 valid
12.4984 	DEBUG 	TextBox2 loaded 1 chars with 0 blanks and 1 valid
12.4998 	DEBUG 	TextBox2 loaded 1 chars with 0 blanks and 1 valid
12.5009 	DEBUG 	TextBox2 loaded 1 chars with 0 blanks and 1 valid
12.5023 	DEBUG 	TextBox2 loaded 1 chars with 0 blanks and 1 valid
12.5037 	DEBUG 	TextBox2 loaded 1 chars with 0 blanks and 1 valid
12.5047 	DEBUG 	TextBox2 loaded 1 chars with 0 blanks and 1 valid
12.5060 	DEBUG 	TextBox2 loaded 1 chars with 0 blanks and 1 valid
12.5074 	DEBUG 	TextBox2 loaded 1 chars with 0 blanks and 1 valid
12.5088 	DEBUG 	TextBox2 loaded 1 chars with 0 blanks and 1 valid
12.5101 	DEBUG 	TextBox2 loaded 1 chars with 0 blanks and 1 valid
12.5114 	DEBUG 	TextBox2 loaded 1 chars with 0 blanks and 1 valid
12.5127 	DEBUG 	TextBox2 loaded 1 chars with 0 blanks and 1 valid
12.5140 	DEBUG 	TextBox2 loaded 1 chars with 0 blanks and 1 valid
12.5154 	DEBUG 	TextBox2 loaded 1 chars with 0 blanks and 1 valid
12.5165 	DEBUG 	TextBox2 loaded 1 chars with 0 blanks and 1 valid
12.5177 	DEBUG 	TextBox2 loaded 1 chars with 0 blanks and 1 valid
12.5192 	DEBUG 	TextBox2 loaded 1 chars with 0 blanks and 1 valid
12.5203 	DEBUG 	TextBox2 loaded 1 chars with 0 blanks and 1 valid
12.5205 	DEBUG 	Uploading Texture Font fontname to graphics card
12.5220 	DEBUG 	Upload of Texture Font fontname complete
12.5292 	DEBUG 	TextBox2 loaded 1 chars with 0 blanks and 1 valid
12.5307 	DEBUG 	TextBox2 loaded 1 chars with 0 blanks and 1 valid
12.5322 	DEBUG 	TextBox2 loaded 1 chars with 0 blanks and 1 valid
12.5324 	DEBUG 	Uploading Texture Font fontname to graphics card
12.5330 	DEBUG 	Upload of Texture Font fontname complete
12.5354 	EXP 	window1: Attempting to measure frame rate of screen (0) ...
12.5354 	EXP 	window1: recordFrameIntervals = False
12.7171 	EXP 	window1: recordFrameIntervals = True
14.3830 	EXP 	window1: recordFrameIntervals = False
14.3830 	EXP 	Screen (0) actual frame rate measured at 59.97Hz
14.3878 	DEBUG 	TextBox2 loaded 1 chars with 0 blanks and 1 valid
14.3891 	DEBUG 	TextBox2 loaded 1 chars with 0 blanks and 1 valid
14.3904 	DEBUG 	TextBox2 loaded 1 chars with 0 blanks and 1 valid
14.3920 	DEBUG 	TextBox2 loaded 1 chars with 0 blanks and 1 valid
14.3935 	DEBUG 	TextBox2 loaded 1 chars with 0 blanks and 1 valid
14.3950 	DEBUG 	TextBox2 loaded 1 chars with 0 blanks and 1 valid
14.3962 	DEBUG 	TextBox2 loaded 1 chars with 0 blanks and 1 valid
14.3976 	DEBUG 	TextBox2 loaded 1 chars with 0 blanks and 1 valid
14.3991 	DEBUG 	TextBox2 loaded 1 chars with 0 blanks and 1 valid
14.4005 	DEBUG 	TextBox2 loaded 1 chars with 0 blanks and 1 valid
14.4007 	DEBUG 	Uploading Texture Font fontname to graphics card
14.4014 	DEBUG 	Upload of Texture Font fontname complete
14.7067 	INFO 	keyboard.Keyboard is using ptb backend.
14.7067 	EXP 	20260225_DichoticPitchProject: status = STARTED
14.7191 	DEBUG 	Saving data for 20260225_DichoticPitchProject ExperimentHandler
14.7195 	INFO 	saved data to D:\[Fork]\ULETH-NEUR-3999-B\PsychoPy Projects\dichotic_pitch_project_V5\data\pilot_20260225_DichoticPitchProject_2026-02-25_09h45.17.923.psydat
14.7197 	INFO 	saved data to 'D:\\[Fork]\\ULETH-NEUR-3999-B\\PsychoPy Projects\\dichotic_pitch_project_V5\\data\\pilot_20260225_DichoticPitchProject_2026-02-25_09h45.17.923.csv'
14.7274 	WARNING 	Stopping key buffers but this could be dangerous ifother keyboards rely on the same.
